
> university-ai-assistant@0.1.0 build
> next build

node.exe : ΓÜá 
Warning: Next.js 
inferred your 
workspace root, but 
it may not be 
correct.
At C:\Program Files\
nodejs\npm.ps1:29 
char:3
+   & $NODE_EXE 
$NPM_CLI_JS $args
+   ~~~~~~~~~~~~~~~~
~~~~~~~~~~~~~
    + CategoryInfo  
            : NotS  
  pecified: (ΓÜá    
 Warning: Ne...n    
ot be correct.:    
String) [], Rem    
oteException
    + FullyQualifie 
   dErrorId : Nati  
  veCommandError
 
 We detected 
multiple lockfiles 
and selected the 
directory of C:\User
s\ADMIN\package-lock
.json as the root 
directory.
 To silence this 
warning, set 
`turbopack.root` in 
your Next.js 
config, or consider 
removing one of the 
lockfiles if it's 
not needed.
   See https://nextj
s.org/docs/app/api-r
eference/config/next
-config-js/turbopack
#root-directory for 
more information.
 Detected 
additional 
lockfiles: 
   * C:\Users\ADMIN\
Desktop\University 
Ai Assistant\univers
ity-ai-assistant\pac
kage-lock.json

Γû▓ Next.js 16.1.6 (Turbopack)
- Environments: .env.local

  Creating an optimized production build ...
Turbopack build 
encountered 2 
warnings:
[next]/internal/font
/google/geist_a71539
c9.module.css
Error while 
requesting resource
There was an issue 
establishing a 
connection while 
requesting https://f
onts.googleapis.com/
css2?family=Geist:wg
ht@100..900&display=
swap

Import trace:
  Server Component:
    [next]/internal/
font/google/geist_a7
1539c9.module.css
    [next]/internal/
font/google/geist_a7
1539c9.js
    ./Desktop/Univer
sity Ai Assistant/un
iversity-ai-assistan
t/src/app/layout.tsx


[next]/internal/font
/google/geist_mono_8
d43a2aa.module.css
Error while 
requesting resource
There was an issue 
establishing a 
connection while 
requesting https://f
onts.googleapis.com/
css2?family=Geist+Mo
no:wght@100..900&dis
play=swap

Import trace:
  Server Component:
    [next]/internal/
font/google/geist_mo
no_8d43a2aa.module.c
ss
    [next]/internal/
font/google/geist_mo
no_8d43a2aa.js
    ./Desktop/Univer
sity Ai Assistant/un
iversity-ai-assistan
t/src/app/layout.tsx



> Build error 
occurred
Error: Turbopack 
build failed with 2 
errors:
[next]/internal/font
/google/geist_a71539
c9.module.css
next/font: error:
Failed to fetch 
`Geist` from Google 
Fonts.

Import trace:
  Server Component:
    [next]/internal/
font/google/geist_a7
1539c9.module.css
    [next]/internal/
font/google/geist_a7
1539c9.js
    ./Desktop/Univer
sity Ai Assistant/un
iversity-ai-assistan
t/src/app/layout.tsx


[next]/internal/font
/google/geist_mono_8
d43a2aa.module.css
next/font: error:
Failed to fetch 
`Geist Mono` from 
Google Fonts.

Import trace:
  Server Component:
    [next]/internal/
font/google/geist_mo
no_8d43a2aa.module.c
ss
    [next]/internal/
font/google/geist_mo
no_8d43a2aa.js
    ./Desktop/Univer
sity Ai Assistant/un
iversity-ai-assistan
t/src/app/layout.tsx


    at 
ignore-listed frames
