[dotenv@17.3.1] injecting env (3) from .env.local -- tip: ≡ƒ¢í∩╕Å auth for agents: https://vestauth.com
node : Error: 429 
You exceeded your 
current quota, 
please check your 
plan and billing 
details. For more 
information on this 
error, read the 
docs: https://platfo
rm.openai.com/docs/g
uides/error-codes/ap
i-errors.
At line:1 char:1
+ node 
test_openai.js > 
test_output.txt 2>&1
+ ~~~~~~~~~~~~~~~~~~
~~~~~~~~~~~~~~~~~~~~
~~~~
    + CategoryInfo  
            : NotS  
  pecified: (Erro   
 r: 429 You ...d    
es/api-errors.:    
String) [], Rem    
oteException
    + FullyQualifie 
   dErrorId : Nati  
  veCommandError
 
